00:03.896  render           | Saved: '/Users/macbook/Automation-Workplace/cartoon-maker/output/kiko_run_test_5s/frames/frame_000001.png'
00:04.366  render           | Saved: '/Users/macbook/Automation-Workplace/cartoon-maker/output/kiko_run_test_5s/frames/frame_000002.png'
00:04.747  render           | Saved: '/Users/macbook/Automation-Workplace/cartoon-maker/output/kiko_run_test_5s/frames/frame_000003.png'
00:05.123  render           | Saved: '/Users/macbook/Automation-Workplace/cartoon-maker/output/kiko_run_test_5s/frames/frame_000004.png'
00:05.513  render           | Saved: '/Users/macbook/Automation-Workplace/cartoon-maker/output/kiko_run_test_5s/frames/frame_000005.png'
00:05.882  render           | Saved: '/Users/macbook/Automation-Workplace/cartoon-maker/output/kiko_run_test_5s/frames/frame_000006.png'
00:06.239  render           | Saved: '/Users/macbook/Automation-Workplace/cartoon-maker/output/kiko_run_test_5s/frames/frame_000007.png'
00:06.599  render           | Saved: '/Users/macbook/Automation-Workplace/cartoon-maker/output/kiko_run_test_5s/frames/frame_000008.png'
00:06.988  render           | Saved: '/Users/macbook/Automation-Workplace/cartoon-maker/output/kiko_run_test_5s/frames/frame_000009.png'
00:07.369  render           | Saved: '/Users/macbook/Automation-Workplace/cartoon-maker/output/kiko_run_test_5s/frames/frame_000010.png'
00:07.756  render           | Saved: '/Users/macbook/Automation-Workplace/cartoon-maker/output/kiko_run_test_5s/frames/frame_000011.png'
00:08.158  render           | Saved: '/Users/macbook/Automation-Workplace/cartoon-maker/output/kiko_run_test_5s/frames/frame_000012.png'
Info: Saved as "KIKO_run_test_5s.blend"
KIKO MASTER PLAN: rendered 12/120
00:08.540  render           | Saved: '/Users/macbook/Automation-Workplace/cartoon-maker/output/kiko_run_test_5s/frames/frame_000013.png'
00:08.924  render           | Saved: '/Users/macbook/Automation-Workplace/cartoon-maker/output/kiko_run_test_5s/frames/frame_000014.png'
00:09.320  render           | Saved: '/Users/macbook/Automation-Workplace/cartoon-maker/output/kiko_run_test_5s/frames/frame_000015.png'
00:09.699  render           | Saved: '/Users/macbook/Automation-Workplace/cartoon-maker/output/kiko_run_test_5s/frames/frame_000016.png'
00:10.085  render           | Saved: '/Users/macbook/Automation-Workplace/cartoon-maker/output/kiko_run_test_5s/frames/frame_000017.png'
00:10.470  render           | Saved: '/Users/macbook/Automation-Workplace/cartoon-maker/output/kiko_run_test_5s/frames/frame_000018.png'
00:10.829  render           | Saved: '/Users/macbook/Automation-Workplace/cartoon-maker/output/kiko_run_test_5s/frames/frame_000019.png'
00:11.197  render           | Saved: '/Users/macbook/Automation-Workplace/cartoon-maker/output/kiko_run_test_5s/frames/frame_000020.png'
00:11.558  render           | Saved: '/Users/macbook/Automation-Workplace/cartoon-maker/output/kiko_run_test_5s/frames/frame_000021.png'
00:11.927  render           | Saved: '/Users/macbook/Automation-Workplace/cartoon-maker/output/kiko_run_test_5s/frames/frame_000022.png'
00:12.298  render           | Saved: '/Users/macbook/Automation-Workplace/cartoon-maker/output/kiko_run_test_5s/frames/frame_000023.png'
00:12.672  render           | Saved: '/Users/macbook/Automation-Workplace/cartoon-maker/output/kiko_run_test_5s/frames/frame_000024.png'
KIKO MASTER PLAN: rendered 24/120
00:13.031  render           | Saved: '/Users/macbook/Automation-Workplace/cartoon-maker/output/kiko_run_test_5s/frames/frame_000025.png'
00:13.416  render           | Saved: '/Users/macbook/Automation-Workplace/cartoon-maker/output/kiko_run_test_5s/frames/frame_000026.png'
00:13.793  render           | Saved: '/Users/macbook/Automation-Workplace/cartoon-maker/output/kiko_run_test_5s/frames/frame_000027.png'
00:14.159  render           | Saved: '/Users/macbook/Automation-Workplace/cartoon-maker/output/kiko_run_test_5s/frames/frame_000028.png'
00:14.534  render           | Saved: '/Users/macbook/Automation-Workplace/cartoon-maker/output/kiko_run_test_5s/frames/frame_000029.png'
00:14.897  render           | Saved: '/Users/macbook/Automation-Workplace/cartoon-maker/output/kiko_run_test_5s/frames/frame_000030.png'
00:15.255  render           | Saved: '/Users/macbook/Automation-Workplace/cartoon-maker/output/kiko_run_test_5s/frames/frame_000031.png'
00:15.636  render           | Saved: '/Users/macbook/Automation-Workplace/cartoon-maker/output/kiko_run_test_5s/frames/frame_000032.png'
00:16.017  render           | Saved: '/Users/macbook/Automation-Workplace/cartoon-maker/output/kiko_run_test_5s/frames/frame_000033.png'
00:16.395  render           | Saved: '/Users/macbook/Automation-Workplace/cartoon-maker/output/kiko_run_test_5s/frames/frame_000034.png'
00:16.762  render           | Saved: '/Users/macbook/Automation-Workplace/cartoon-maker/output/kiko_run_test_5s/frames/frame_000035.png'
00:17.154  render           | Saved: '/Users/macbook/Automation-Workplace/cartoon-maker/output/kiko_run_test_5s/frames/frame_000036.png'
KIKO MASTER PLAN: rendered 36/120
00:17.528  render           | Saved: '/Users/macbook/Automation-Workplace/cartoon-maker/output/kiko_run_test_5s/frames/frame_000037.png'
00:17.901  render           | Saved: '/Users/macbook/Automation-Workplace/cartoon-maker/output/kiko_run_test_5s/frames/frame_000038.png'
00:18.280  render           | Saved: '/Users/macbook/Automation-Workplace/cartoon-maker/output/kiko_run_test_5s/frames/frame_000039.png'
00:18.640  render           | Saved: '/Users/macbook/Automation-Workplace/cartoon-maker/output/kiko_run_test_5s/frames/frame_000040.png'
00:19.000  render           | Saved: '/Users/macbook/Automation-Workplace/cartoon-maker/output/kiko_run_test_5s/frames/frame_000041.png'
00:19.358  render           | Saved: '/Users/macbook/Automation-Workplace/cartoon-maker/output/kiko_run_test_5s/frames/frame_000042.png'
00:19.721  render           | Saved: '/Users/macbook/Automation-Workplace/cartoon-maker/output/kiko_run_test_5s/frames/frame_000043.png'
00:20.078  render           | Saved: '/Users/macbook/Automation-Workplace/cartoon-maker/output/kiko_run_test_5s/frames/frame_000044.png'
00:20.464  render           | Saved: '/Users/macbook/Automation-Workplace/cartoon-maker/output/kiko_run_test_5s/frames/frame_000045.png'
00:20.853  render           | Saved: '/Users/macbook/Automation-Workplace/cartoon-maker/output/kiko_run_test_5s/frames/frame_000046.png'
00:21.213  render           | Saved: '/Users/macbook/Automation-Workplace/cartoon-maker/output/kiko_run_test_5s/frames/frame_000047.png'
00:21.592  render           | Saved: '/Users/macbook/Automation-Workplace/cartoon-maker/output/kiko_run_test_5s/frames/frame_000048.png'
KIKO MASTER PLAN: rendered 48/120
00:21.962  render           | Saved: '/Users/macbook/Automation-Workplace/cartoon-maker/output/kiko_run_test_5s/frames/frame_000049.png'
00:22.344  render           | Saved: '/Users/macbook/Automation-Workplace/cartoon-maker/output/kiko_run_test_5s/frames/frame_000050.png'
00:22.733  render           | Saved: '/Users/macbook/Automation-Workplace/cartoon-maker/output/kiko_run_test_5s/frames/frame_000051.png'
00:23.092  render           | Saved: '/Users/macbook/Automation-Workplace/cartoon-maker/output/kiko_run_test_5s/frames/frame_000052.png'
00:23.466  render           | Saved: '/Users/macbook/Automation-Workplace/cartoon-maker/output/kiko_run_test_5s/frames/frame_000053.png'
00:23.827  render           | Saved: '/Users/macbook/Automation-Workplace/cartoon-maker/output/kiko_run_test_5s/frames/frame_000054.png'
00:24.222  render           | Saved: '/Users/macbook/Automation-Workplace/cartoon-maker/output/kiko_run_test_5s/frames/frame_000055.png'
00:24.620  render           | Saved: '/Users/macbook/Automation-Workplace/cartoon-maker/output/kiko_run_test_5s/frames/frame_000056.png'
00:25.006  render           | Saved: '/Users/macbook/Automation-Workplace/cartoon-maker/output/kiko_run_test_5s/frames/frame_000057.png'
00:25.387  render           | Saved: '/Users/macbook/Automation-Workplace/cartoon-maker/output/kiko_run_test_5s/frames/frame_000058.png'
00:25.758  render           | Saved: '/Users/macbook/Automation-Workplace/cartoon-maker/output/kiko_run_test_5s/frames/frame_000059.png'
00:26.165  render           | Saved: '/Users/macbook/Automation-Workplace/cartoon-maker/output/kiko_run_test_5s/frames/frame_000060.png'
KIKO MASTER PLAN: rendered 60/120
00:26.607  render           | Saved: '/Users/macbook/Automation-Workplace/cartoon-maker/output/kiko_run_test_5s/frames/frame_000061.png'
00:27.052  render           | Saved: '/Users/macbook/Automation-Workplace/cartoon-maker/output/kiko_run_test_5s/frames/frame_000062.png'
00:27.480  render           | Saved: '/Users/macbook/Automation-Workplace/cartoon-maker/output/kiko_run_test_5s/frames/frame_000063.png'
00:27.939  render           | Saved: '/Users/macbook/Automation-Workplace/cartoon-maker/output/kiko_run_test_5s/frames/frame_000064.png'
00:28.375  render           | Saved: '/Users/macbook/Automation-Workplace/cartoon-maker/output/kiko_run_test_5s/frames/frame_000065.png'
00:28.844  render           | Saved: '/Users/macbook/Automation-Workplace/cartoon-maker/output/kiko_run_test_5s/frames/frame_000066.png'
00:29.324  render           | Saved: '/Users/macbook/Automation-Workplace/cartoon-maker/output/kiko_run_test_5s/frames/frame_000067.png'
00:29.755  render           | Saved: '/Users/macbook/Automation-Workplace/cartoon-maker/output/kiko_run_test_5s/frames/frame_000068.png'
00:30.277  render           | Saved: '/Users/macbook/Automation-Workplace/cartoon-maker/output/kiko_run_test_5s/frames/frame_000069.png'
00:30.769  render           | Saved: '/Users/macbook/Automation-Workplace/cartoon-maker/output/kiko_run_test_5s/frames/frame_000070.png'
00:31.400  render           | Saved: '/Users/macbook/Automation-Workplace/cartoon-maker/output/kiko_run_test_5s/frames/frame_000071.png'
00:31.886  render           | Saved: '/Users/macbook/Automation-Workplace/cartoon-maker/output/kiko_run_test_5s/frames/frame_000072.png'
KIKO MASTER PLAN: rendered 72/120
00:32.379  render           | Saved: '/Users/macbook/Automation-Workplace/cartoon-maker/output/kiko_run_test_5s/frames/frame_000073.png'
00:32.918  render           | Saved: '/Users/macbook/Automation-Workplace/cartoon-maker/output/kiko_run_test_5s/frames/frame_000074.png'
00:33.430  render           | Saved: '/Users/macbook/Automation-Workplace/cartoon-maker/output/kiko_run_test_5s/frames/frame_000075.png'
00:33.943  render           | Saved: '/Users/macbook/Automation-Workplace/cartoon-maker/output/kiko_run_test_5s/frames/frame_000076.png'
00:34.451  render           | Saved: '/Users/macbook/Automation-Workplace/cartoon-maker/output/kiko_run_test_5s/frames/frame_000077.png'
00:34.941  render           | Saved: '/Users/macbook/Automation-Workplace/cartoon-maker/output/kiko_run_test_5s/frames/frame_000078.png'
00:35.386  render           | Saved: '/Users/macbook/Automation-Workplace/cartoon-maker/output/kiko_run_test_5s/frames/frame_000079.png'
00:35.832  render           | Saved: '/Users/macbook/Automation-Workplace/cartoon-maker/output/kiko_run_test_5s/frames/frame_000080.png'
00:36.254  render           | Saved: '/Users/macbook/Automation-Workplace/cartoon-maker/output/kiko_run_test_5s/frames/frame_000081.png'
00:36.700  render           | Saved: '/Users/macbook/Automation-Workplace/cartoon-maker/output/kiko_run_test_5s/frames/frame_000082.png'
00:37.181  render           | Saved: '/Users/macbook/Automation-Workplace/cartoon-maker/output/kiko_run_test_5s/frames/frame_000083.png'
00:37.644  render           | Saved: '/Users/macbook/Automation-Workplace/cartoon-maker/output/kiko_run_test_5s/frames/frame_000084.png'
KIKO MASTER PLAN: rendered 84/120
00:38.103  render           | Saved: '/Users/macbook/Automation-Workplace/cartoon-maker/output/kiko_run_test_5s/frames/frame_000085.png'
00:38.617  render           | Saved: '/Users/macbook/Automation-Workplace/cartoon-maker/output/kiko_run_test_5s/frames/frame_000086.png'
00:39.101  render           | Saved: '/Users/macbook/Automation-Workplace/cartoon-maker/output/kiko_run_test_5s/frames/frame_000087.png'
00:39.603  render           | Saved: '/Users/macbook/Automation-Workplace/cartoon-maker/output/kiko_run_test_5s/frames/frame_000088.png'
00:40.130  render           | Saved: '/Users/macbook/Automation-Workplace/cartoon-maker/output/kiko_run_test_5s/frames/frame_000089.png'
00:40.616  render           | Saved: '/Users/macbook/Automation-Workplace/cartoon-maker/output/kiko_run_test_5s/frames/frame_000090.png'
00:41.109  render           | Saved: '/Users/macbook/Automation-Workplace/cartoon-maker/output/kiko_run_test_5s/frames/frame_000091.png'
00:41.568  render           | Saved: '/Users/macbook/Automation-Workplace/cartoon-maker/output/kiko_run_test_5s/frames/frame_000092.png'
00:42.070  render           | Saved: '/Users/macbook/Automation-Workplace/cartoon-maker/output/kiko_run_test_5s/frames/frame_000093.png'
00:42.531  render           | Saved: '/Users/macbook/Automation-Workplace/cartoon-maker/output/kiko_run_test_5s/frames/frame_000094.png'
00:43.006  render           | Saved: '/Users/macbook/Automation-Workplace/cartoon-maker/output/kiko_run_test_5s/frames/frame_000095.png'
00:43.437  render           | Saved: '/Users/macbook/Automation-Workplace/cartoon-maker/output/kiko_run_test_5s/frames/frame_000096.png'
KIKO MASTER PLAN: rendered 96/120
00:43.818  render           | Saved: '/Users/macbook/Automation-Workplace/cartoon-maker/output/kiko_run_test_5s/frames/frame_000097.png'
00:44.200  render           | Saved: '/Users/macbook/Automation-Workplace/cartoon-maker/output/kiko_run_test_5s/frames/frame_000098.png'
00:44.569  render           | Saved: '/Users/macbook/Automation-Workplace/cartoon-maker/output/kiko_run_test_5s/frames/frame_000099.png'
00:44.932  render           | Saved: '/Users/macbook/Automation-Workplace/cartoon-maker/output/kiko_run_test_5s/frames/frame_000100.png'
00:45.299  render           | Saved: '/Users/macbook/Automation-Workplace/cartoon-maker/output/kiko_run_test_5s/frames/frame_000101.png'
00:45.676  render           | Saved: '/Users/macbook/Automation-Workplace/cartoon-maker/output/kiko_run_test_5s/frames/frame_000102.png'
00:46.042  render           | Saved: '/Users/macbook/Automation-Workplace/cartoon-maker/output/kiko_run_test_5s/frames/frame_000103.png'
00:46.400  render           | Saved: '/Users/macbook/Automation-Workplace/cartoon-maker/output/kiko_run_test_5s/frames/frame_000104.png'
00:46.772  render           | Saved: '/Users/macbook/Automation-Workplace/cartoon-maker/output/kiko_run_test_5s/frames/frame_000105.png'
00:47.154  render           | Saved: '/Users/macbook/Automation-Workplace/cartoon-maker/output/kiko_run_test_5s/frames/frame_000106.png'
00:47.543  render           | Saved: '/Users/macbook/Automation-Workplace/cartoon-maker/output/kiko_run_test_5s/frames/frame_000107.png'
00:47.933  render           | Saved: '/Users/macbook/Automation-Workplace/cartoon-maker/output/kiko_run_test_5s/frames/frame_000108.png'
KIKO MASTER PLAN: rendered 108/120
00:48.318  render           | Saved: '/Users/macbook/Automation-Workplace/cartoon-maker/output/kiko_run_test_5s/frames/frame_000109.png'
00:48.711  render           | Saved: '/Users/macbook/Automation-Workplace/cartoon-maker/output/kiko_run_test_5s/frames/frame_000110.png'
00:49.087  render           | Saved: '/Users/macbook/Automation-Workplace/cartoon-maker/output/kiko_run_test_5s/frames/frame_000111.png'
00:49.475  render           | Saved: '/Users/macbook/Automation-Workplace/cartoon-maker/output/kiko_run_test_5s/frames/frame_000112.png'
00:49.835  render           | Saved: '/Users/macbook/Automation-Workplace/cartoon-maker/output/kiko_run_test_5s/frames/frame_000113.png'
00:50.205  render           | Saved: '/Users/macbook/Automation-Workplace/cartoon-maker/output/kiko_run_test_5s/frames/frame_000114.png'
00:50.567  render           | Saved: '/Users/macbook/Automation-Workplace/cartoon-maker/output/kiko_run_test_5s/frames/frame_000115.png'
00:50.950  render           | Saved: '/Users/macbook/Automation-Workplace/cartoon-maker/output/kiko_run_test_5s/frames/frame_000116.png'
00:51.345  render           | Saved: '/Users/macbook/Automation-Workplace/cartoon-maker/output/kiko_run_test_5s/frames/frame_000117.png'
00:51.713  render           | Saved: '/Users/macbook/Automation-Workplace/cartoon-maker/output/kiko_run_test_5s/frames/frame_000118.png'
00:52.075  render           | Saved: '/Users/macbook/Automation-Workplace/cartoon-maker/output/kiko_run_test_5s/frames/frame_000119.png'
00:52.450  render           | Saved: '/Users/macbook/Automation-Workplace/cartoon-maker/output/kiko_run_test_5s/frames/frame_000120.png'
KIKO MASTER PLAN: rendered 120/120
ffmpeg version 8.1.1 Copyright (c) 2000-2026 the FFmpeg developers
  built with Apple clang version 21.0.0 (clang-2100.0.123.102)
  configuration: --prefix=/opt/homebrew/Cellar/ffmpeg/8.1.1 --enable-shared --enable-pthreads --enable-version3 --cc=clang --host-cflags= --host-ldflags= --enable-ffplay --enable-gpl --enable-libsvtav1 --enable-libopus --enable-libx264 --enable-libmp3lame --enable-libdav1d --enable-libvmaf --enable-libvpx --enable-libx265 --enable-openssl --enable-videotoolbox --enable-audiotoolbox --enable-neon
  libavutil      60. 26.101 / 60. 26.101
  libavcodec     62. 28.101 / 62. 28.101
  libavformat    62. 12.101 / 62. 12.101
  libavdevice    62.  3.101 / 62.  3.101
  libavfilter    11. 14.101 / 11. 14.101
  libswscale      9.  5.101 /  9.  5.101
  libswresample   6.  3.101 /  6.  3.101
Input #0, image2, from '/Users/macbook/Automation-Workplace/cartoon-maker/output/kiko_run_test_5s/frames/frame_%06d.png':
  Duration: 00:00:05.00, start: 0.000000, bitrate: N/A
  Stream #0:0: Video: png, rgb24(pc, gbr/bt709/iec61966-2-1), 854x480 [SAR 2834:2834 DAR 427:240], 24 fps, 24 tbr, 24 tbn
Stream mapping:
  Stream #0:0 -> #0:0 (png (native) -> h264 (libx264))
Press [q] to stop, [?] for help
[libx264 @ 0x7c4818a80] using SAR=1/1
[libx264 @ 0x7c4818a80] using cpu capabilities: ARMv8 NEON DotProd I8MM
[libx264 @ 0x7c4818a80] profile High, level 3.0, 4:2:0, 8-bit
[libx264 @ 0x7c4818a80] 264 - core 165 r3222 b35605a - H.264/MPEG-4 AVC codec - Copyleft 2003-2025 - http://www.videolan.org/x264.html - options: cabac=1 ref=3 deblock=1:0:0 analyse=0x3:0x113 me=hex subme=7 psy=1 psy_rd=1.00:0.00 mixed_ref=1 me_range=16 chroma_me=1 trellis=1 8x8dct=1 cqm=0 deadzone=21,11 fast_pskip=1 chroma_qp_offset=-2 threads=15 lookahead_threads=2 sliced_threads=0 nr=0 decimate=1 interlaced=0 bluray_compat=0 constrained_intra=0 bframes=3 b_pyramid=2 b_adapt=1 b_bias=0 direct=1 weightb=1 open_gop=0 weightp=2 keyint=250 keyint_min=24 scenecut=40 intra_refresh=0 rc_lookahead=40 rc=crf mbtree=1 crf=18.0 qcomp=0.60 qpmin=0 qpmax=69 qpstep=4 ip_ratio=1.40 aq=1:1.00
Output #0, mp4, to '/Users/macbook/Automation-Workplace/cartoon-maker/output/kiko_run_test_5s/preview.mp4':
  Metadata:
    encoder         : Lavf62.12.101
  Stream #0:0: Video: h264 (avc1 / 0x31637661), yuv420p(tv, unknown/bt709/iec61966-2-1, progressive), 854x480 [SAR 1:1 DAR 427:240], q=2-31, 24 fps, 12288 tbn
    Metadata:
      encoder         : Lavc62.28.101 libx264
    Side data:
      EXIF metadata: (54 bytes)
      CPB properties: bitrate max/min/avg: 0/0/0 buffer size: 0 vbv_delay: N/A
[mp4 @ 0x7c480c280] Starting second pass: moving the moov atom to the beginning of the file
[out#0/mp4 @ 0x7c4c0c780] video:375KiB audio:0KiB subtitle:0KiB other streams:0KiB global headers:0KiB muxing overhead: 0.602443%
frame=  120 fps=0.0 q=-1.0 Lsize=     377KiB time=00:00:04.91 bitrate= 628.5kbits/s speed=14.1x elapsed=0:00:00.34    
[libx264 @ 0x7c4818a80] frame I:1     Avg QP:11.09  size: 31898
[libx264 @ 0x7c4818a80] frame P:30    Avg QP:13.78  size:  5287
[libx264 @ 0x7c4818a80] frame B:89    Avg QP:19.95  size:  2166
[libx264 @ 0x7c4818a80] consecutive B-frames:  0.8%  0.0%  2.5% 96.7%
[libx264 @ 0x7c4818a80] mb I  I16..4: 10.1% 69.3% 20.7%
[libx264 @ 0x7c4818a80] mb P  I16..4:  0.6%  2.1%  2.3%  P16..4: 23.5%  9.9%  4.9%  0.0%  0.0%    skip:56.7%
[libx264 @ 0x7c4818a80] mb B  I16..4:  0.0%  0.1%  0.2%  B16..8: 27.9%  5.0%  1.2%  direct: 0.8%  skip:64.8%  L0:44.9% L1:50.2% BI: 4.9%
[libx264 @ 0x7c4818a80] 8x8 transform intra:50.6% inter:75.4%
[libx264 @ 0x7c4818a80] coded y,uvDC,uvAC intra: 76.1% 46.5% 33.5% inter: 7.6% 2.5% 1.0%
[libx264 @ 0x7c4818a80] i16 v,h,dc,p:  7% 80%  3%  9%
[libx264 @ 0x7c4818a80] i8 v,h,dc,ddl,ddr,vr,hd,vl,hu:  6% 25% 47%  3%  3%  4%  4%  3%  5%
[libx264 @ 0x7c4818a80] i4 v,h,dc,ddl,ddr,vr,hd,vl,hu: 17% 29% 16%  5%  8%  8%  6%  6%  5%
[libx264 @ 0x7c4818a80] i8c dc,h,v,p: 64% 17% 14%  4%
[libx264 @ 0x7c4818a80] Weighted P-Frames: Y:0.0% UV:0.0%
[libx264 @ 0x7c4818a80] ref P L0: 62.6%  4.4% 19.7% 13.3%
[libx264 @ 0x7c4818a80] ref B L0: 87.0%  9.5%  3.5%
[libx264 @ 0x7c4818a80] ref B L1: 93.8%  6.2%
[libx264 @ 0x7c4818a80] kb/s:613.20
Blender 5.2.2 LTS (hash d13f752e3b9c built 2026-09-15 01:49:19)

Blender quit
