00:00.463  blend            | Read blend: "/Users/macbook/Automation-Workplace/cartoon-maker/KIKO_master_v2.blend"
00:05.320  render           | Saved: '/Users/macbook/Automation-Workplace/cartoon-maker/output/kiko_acting_test_8s/frames/frame_000001.png'
00:05.775  render           | Saved: '/Users/macbook/Automation-Workplace/cartoon-maker/output/kiko_acting_test_8s/frames/frame_000002.png'
00:06.156  render           | Saved: '/Users/macbook/Automation-Workplace/cartoon-maker/output/kiko_acting_test_8s/frames/frame_000003.png'
00:06.547  render           | Saved: '/Users/macbook/Automation-Workplace/cartoon-maker/output/kiko_acting_test_8s/frames/frame_000004.png'
00:06.941  render           | Saved: '/Users/macbook/Automation-Workplace/cartoon-maker/output/kiko_acting_test_8s/frames/frame_000005.png'
00:07.328  render           | Saved: '/Users/macbook/Automation-Workplace/cartoon-maker/output/kiko_acting_test_8s/frames/frame_000006.png'
00:07.715  render           | Saved: '/Users/macbook/Automation-Workplace/cartoon-maker/output/kiko_acting_test_8s/frames/frame_000007.png'
00:08.114  render           | Saved: '/Users/macbook/Automation-Workplace/cartoon-maker/output/kiko_acting_test_8s/frames/frame_000008.png'
00:08.507  render           | Saved: '/Users/macbook/Automation-Workplace/cartoon-maker/output/kiko_acting_test_8s/frames/frame_000009.png'
00:08.888  render           | Saved: '/Users/macbook/Automation-Workplace/cartoon-maker/output/kiko_acting_test_8s/frames/frame_000010.png'
00:09.298  render           | Saved: '/Users/macbook/Automation-Workplace/cartoon-maker/output/kiko_acting_test_8s/frames/frame_000011.png'
00:09.700  render           | Saved: '/Users/macbook/Automation-Workplace/cartoon-maker/output/kiko_acting_test_8s/frames/frame_000012.png'
Info: Saved as "KIKO_acting_test_8s.blend"
KIKO MASTER PLAN: rendered 12/192
00:10.092  render           | Saved: '/Users/macbook/Automation-Workplace/cartoon-maker/output/kiko_acting_test_8s/frames/frame_000013.png'
00:10.476  render           | Saved: '/Users/macbook/Automation-Workplace/cartoon-maker/output/kiko_acting_test_8s/frames/frame_000014.png'
00:10.884  render           | Saved: '/Users/macbook/Automation-Workplace/cartoon-maker/output/kiko_acting_test_8s/frames/frame_000015.png'
00:11.271  render           | Saved: '/Users/macbook/Automation-Workplace/cartoon-maker/output/kiko_acting_test_8s/frames/frame_000016.png'
00:11.647  render           | Saved: '/Users/macbook/Automation-Workplace/cartoon-maker/output/kiko_acting_test_8s/frames/frame_000017.png'
00:12.029  render           | Saved: '/Users/macbook/Automation-Workplace/cartoon-maker/output/kiko_acting_test_8s/frames/frame_000018.png'
00:12.420  render           | Saved: '/Users/macbook/Automation-Workplace/cartoon-maker/output/kiko_acting_test_8s/frames/frame_000019.png'
00:12.824  render           | Saved: '/Users/macbook/Automation-Workplace/cartoon-maker/output/kiko_acting_test_8s/frames/frame_000020.png'
00:13.222  render           | Saved: '/Users/macbook/Automation-Workplace/cartoon-maker/output/kiko_acting_test_8s/frames/frame_000021.png'
00:13.593  render           | Saved: '/Users/macbook/Automation-Workplace/cartoon-maker/output/kiko_acting_test_8s/frames/frame_000022.png'
00:13.981  render           | Saved: '/Users/macbook/Automation-Workplace/cartoon-maker/output/kiko_acting_test_8s/frames/frame_000023.png'
00:14.356  render           | Saved: '/Users/macbook/Automation-Workplace/cartoon-maker/output/kiko_acting_test_8s/frames/frame_000024.png'
KIKO MASTER PLAN: rendered 24/192
00:14.752  render           | Saved: '/Users/macbook/Automation-Workplace/cartoon-maker/output/kiko_acting_test_8s/frames/frame_000025.png'
00:15.153  render           | Saved: '/Users/macbook/Automation-Workplace/cartoon-maker/output/kiko_acting_test_8s/frames/frame_000026.png'
00:15.607  render           | Saved: '/Users/macbook/Automation-Workplace/cartoon-maker/output/kiko_acting_test_8s/frames/frame_000027.png'
00:16.001  render           | Saved: '/Users/macbook/Automation-Workplace/cartoon-maker/output/kiko_acting_test_8s/frames/frame_000028.png'
00:16.405  render           | Saved: '/Users/macbook/Automation-Workplace/cartoon-maker/output/kiko_acting_test_8s/frames/frame_000029.png'
00:16.819  render           | Saved: '/Users/macbook/Automation-Workplace/cartoon-maker/output/kiko_acting_test_8s/frames/frame_000030.png'
00:17.228  render           | Saved: '/Users/macbook/Automation-Workplace/cartoon-maker/output/kiko_acting_test_8s/frames/frame_000031.png'
00:17.617  render           | Saved: '/Users/macbook/Automation-Workplace/cartoon-maker/output/kiko_acting_test_8s/frames/frame_000032.png'
00:18.053  render           | Saved: '/Users/macbook/Automation-Workplace/cartoon-maker/output/kiko_acting_test_8s/frames/frame_000033.png'
00:18.469  render           | Saved: '/Users/macbook/Automation-Workplace/cartoon-maker/output/kiko_acting_test_8s/frames/frame_000034.png'
00:18.876  render           | Saved: '/Users/macbook/Automation-Workplace/cartoon-maker/output/kiko_acting_test_8s/frames/frame_000035.png'
00:19.257  render           | Saved: '/Users/macbook/Automation-Workplace/cartoon-maker/output/kiko_acting_test_8s/frames/frame_000036.png'
KIKO MASTER PLAN: rendered 36/192
00:19.666  render           | Saved: '/Users/macbook/Automation-Workplace/cartoon-maker/output/kiko_acting_test_8s/frames/frame_000037.png'
00:20.063  render           | Saved: '/Users/macbook/Automation-Workplace/cartoon-maker/output/kiko_acting_test_8s/frames/frame_000038.png'
00:20.483  render           | Saved: '/Users/macbook/Automation-Workplace/cartoon-maker/output/kiko_acting_test_8s/frames/frame_000039.png'
00:20.886  render           | Saved: '/Users/macbook/Automation-Workplace/cartoon-maker/output/kiko_acting_test_8s/frames/frame_000040.png'
00:21.275  render           | Saved: '/Users/macbook/Automation-Workplace/cartoon-maker/output/kiko_acting_test_8s/frames/frame_000041.png'
00:21.683  render           | Saved: '/Users/macbook/Automation-Workplace/cartoon-maker/output/kiko_acting_test_8s/frames/frame_000042.png'
00:22.147  render           | Saved: '/Users/macbook/Automation-Workplace/cartoon-maker/output/kiko_acting_test_8s/frames/frame_000043.png'
00:22.536  render           | Saved: '/Users/macbook/Automation-Workplace/cartoon-maker/output/kiko_acting_test_8s/frames/frame_000044.png'
00:22.931  render           | Saved: '/Users/macbook/Automation-Workplace/cartoon-maker/output/kiko_acting_test_8s/frames/frame_000045.png'
00:23.337  render           | Saved: '/Users/macbook/Automation-Workplace/cartoon-maker/output/kiko_acting_test_8s/frames/frame_000046.png'
00:23.723  render           | Saved: '/Users/macbook/Automation-Workplace/cartoon-maker/output/kiko_acting_test_8s/frames/frame_000047.png'
00:24.118  render           | Saved: '/Users/macbook/Automation-Workplace/cartoon-maker/output/kiko_acting_test_8s/frames/frame_000048.png'
KIKO MASTER PLAN: rendered 48/192
00:24.516  render           | Saved: '/Users/macbook/Automation-Workplace/cartoon-maker/output/kiko_acting_test_8s/frames/frame_000049.png'
00:24.906  render           | Saved: '/Users/macbook/Automation-Workplace/cartoon-maker/output/kiko_acting_test_8s/frames/frame_000050.png'
00:25.302  render           | Saved: '/Users/macbook/Automation-Workplace/cartoon-maker/output/kiko_acting_test_8s/frames/frame_000051.png'
00:25.706  render           | Saved: '/Users/macbook/Automation-Workplace/cartoon-maker/output/kiko_acting_test_8s/frames/frame_000052.png'
00:26.096  render           | Saved: '/Users/macbook/Automation-Workplace/cartoon-maker/output/kiko_acting_test_8s/frames/frame_000053.png'
00:26.489  render           | Saved: '/Users/macbook/Automation-Workplace/cartoon-maker/output/kiko_acting_test_8s/frames/frame_000054.png'
00:26.878  render           | Saved: '/Users/macbook/Automation-Workplace/cartoon-maker/output/kiko_acting_test_8s/frames/frame_000055.png'
00:27.256  render           | Saved: '/Users/macbook/Automation-Workplace/cartoon-maker/output/kiko_acting_test_8s/frames/frame_000056.png'
00:27.655  render           | Saved: '/Users/macbook/Automation-Workplace/cartoon-maker/output/kiko_acting_test_8s/frames/frame_000057.png'
00:28.046  render           | Saved: '/Users/macbook/Automation-Workplace/cartoon-maker/output/kiko_acting_test_8s/frames/frame_000058.png'
00:28.441  render           | Saved: '/Users/macbook/Automation-Workplace/cartoon-maker/output/kiko_acting_test_8s/frames/frame_000059.png'
00:28.832  render           | Saved: '/Users/macbook/Automation-Workplace/cartoon-maker/output/kiko_acting_test_8s/frames/frame_000060.png'
KIKO MASTER PLAN: rendered 60/192
00:29.228  render           | Saved: '/Users/macbook/Automation-Workplace/cartoon-maker/output/kiko_acting_test_8s/frames/frame_000061.png'
00:29.610  render           | Saved: '/Users/macbook/Automation-Workplace/cartoon-maker/output/kiko_acting_test_8s/frames/frame_000062.png'
00:29.990  render           | Saved: '/Users/macbook/Automation-Workplace/cartoon-maker/output/kiko_acting_test_8s/frames/frame_000063.png'
00:30.403  render           | Saved: '/Users/macbook/Automation-Workplace/cartoon-maker/output/kiko_acting_test_8s/frames/frame_000064.png'
00:30.800  render           | Saved: '/Users/macbook/Automation-Workplace/cartoon-maker/output/kiko_acting_test_8s/frames/frame_000065.png'
00:31.183  render           | Saved: '/Users/macbook/Automation-Workplace/cartoon-maker/output/kiko_acting_test_8s/frames/frame_000066.png'
00:31.578  render           | Saved: '/Users/macbook/Automation-Workplace/cartoon-maker/output/kiko_acting_test_8s/frames/frame_000067.png'
00:31.967  render           | Saved: '/Users/macbook/Automation-Workplace/cartoon-maker/output/kiko_acting_test_8s/frames/frame_000068.png'
00:32.351  render           | Saved: '/Users/macbook/Automation-Workplace/cartoon-maker/output/kiko_acting_test_8s/frames/frame_000069.png'
00:32.743  render           | Saved: '/Users/macbook/Automation-Workplace/cartoon-maker/output/kiko_acting_test_8s/frames/frame_000070.png'
00:33.143  render           | Saved: '/Users/macbook/Automation-Workplace/cartoon-maker/output/kiko_acting_test_8s/frames/frame_000071.png'
00:33.528  render           | Saved: '/Users/macbook/Automation-Workplace/cartoon-maker/output/kiko_acting_test_8s/frames/frame_000072.png'
KIKO MASTER PLAN: rendered 72/192
00:33.960  render           | Saved: '/Users/macbook/Automation-Workplace/cartoon-maker/output/kiko_acting_test_8s/frames/frame_000073.png'
00:34.371  render           | Saved: '/Users/macbook/Automation-Workplace/cartoon-maker/output/kiko_acting_test_8s/frames/frame_000074.png'
00:34.779  render           | Saved: '/Users/macbook/Automation-Workplace/cartoon-maker/output/kiko_acting_test_8s/frames/frame_000075.png'
00:35.172  render           | Saved: '/Users/macbook/Automation-Workplace/cartoon-maker/output/kiko_acting_test_8s/frames/frame_000076.png'
00:35.575  render           | Saved: '/Users/macbook/Automation-Workplace/cartoon-maker/output/kiko_acting_test_8s/frames/frame_000077.png'
00:35.968  render           | Saved: '/Users/macbook/Automation-Workplace/cartoon-maker/output/kiko_acting_test_8s/frames/frame_000078.png'
00:36.362  render           | Saved: '/Users/macbook/Automation-Workplace/cartoon-maker/output/kiko_acting_test_8s/frames/frame_000079.png'
00:36.745  render           | Saved: '/Users/macbook/Automation-Workplace/cartoon-maker/output/kiko_acting_test_8s/frames/frame_000080.png'
00:37.135  render           | Saved: '/Users/macbook/Automation-Workplace/cartoon-maker/output/kiko_acting_test_8s/frames/frame_000081.png'
00:37.523  render           | Saved: '/Users/macbook/Automation-Workplace/cartoon-maker/output/kiko_acting_test_8s/frames/frame_000082.png'
00:37.910  render           | Saved: '/Users/macbook/Automation-Workplace/cartoon-maker/output/kiko_acting_test_8s/frames/frame_000083.png'
00:38.296  render           | Saved: '/Users/macbook/Automation-Workplace/cartoon-maker/output/kiko_acting_test_8s/frames/frame_000084.png'
KIKO MASTER PLAN: rendered 84/192
00:38.683  render           | Saved: '/Users/macbook/Automation-Workplace/cartoon-maker/output/kiko_acting_test_8s/frames/frame_000085.png'
00:39.073  render           | Saved: '/Users/macbook/Automation-Workplace/cartoon-maker/output/kiko_acting_test_8s/frames/frame_000086.png'
00:39.476  render           | Saved: '/Users/macbook/Automation-Workplace/cartoon-maker/output/kiko_acting_test_8s/frames/frame_000087.png'
00:39.871  render           | Saved: '/Users/macbook/Automation-Workplace/cartoon-maker/output/kiko_acting_test_8s/frames/frame_000088.png'
00:40.282  render           | Saved: '/Users/macbook/Automation-Workplace/cartoon-maker/output/kiko_acting_test_8s/frames/frame_000089.png'
00:40.678  render           | Saved: '/Users/macbook/Automation-Workplace/cartoon-maker/output/kiko_acting_test_8s/frames/frame_000090.png'
00:41.073  render           | Saved: '/Users/macbook/Automation-Workplace/cartoon-maker/output/kiko_acting_test_8s/frames/frame_000091.png'
00:41.459  render           | Saved: '/Users/macbook/Automation-Workplace/cartoon-maker/output/kiko_acting_test_8s/frames/frame_000092.png'
00:41.854  render           | Saved: '/Users/macbook/Automation-Workplace/cartoon-maker/output/kiko_acting_test_8s/frames/frame_000093.png'
00:42.239  render           | Saved: '/Users/macbook/Automation-Workplace/cartoon-maker/output/kiko_acting_test_8s/frames/frame_000094.png'
00:42.635  render           | Saved: '/Users/macbook/Automation-Workplace/cartoon-maker/output/kiko_acting_test_8s/frames/frame_000095.png'
00:43.026  render           | Saved: '/Users/macbook/Automation-Workplace/cartoon-maker/output/kiko_acting_test_8s/frames/frame_000096.png'
KIKO MASTER PLAN: rendered 96/192
00:43.409  render           | Saved: '/Users/macbook/Automation-Workplace/cartoon-maker/output/kiko_acting_test_8s/frames/frame_000097.png'
00:43.802  render           | Saved: '/Users/macbook/Automation-Workplace/cartoon-maker/output/kiko_acting_test_8s/frames/frame_000098.png'
00:44.186  render           | Saved: '/Users/macbook/Automation-Workplace/cartoon-maker/output/kiko_acting_test_8s/frames/frame_000099.png'
00:44.573  render           | Saved: '/Users/macbook/Automation-Workplace/cartoon-maker/output/kiko_acting_test_8s/frames/frame_000100.png'
00:44.957  render           | Saved: '/Users/macbook/Automation-Workplace/cartoon-maker/output/kiko_acting_test_8s/frames/frame_000101.png'
00:45.353  render           | Saved: '/Users/macbook/Automation-Workplace/cartoon-maker/output/kiko_acting_test_8s/frames/frame_000102.png'
00:45.763  render           | Saved: '/Users/macbook/Automation-Workplace/cartoon-maker/output/kiko_acting_test_8s/frames/frame_000103.png'
00:46.157  render           | Saved: '/Users/macbook/Automation-Workplace/cartoon-maker/output/kiko_acting_test_8s/frames/frame_000104.png'
00:46.559  render           | Saved: '/Users/macbook/Automation-Workplace/cartoon-maker/output/kiko_acting_test_8s/frames/frame_000105.png'
00:46.977  render           | Saved: '/Users/macbook/Automation-Workplace/cartoon-maker/output/kiko_acting_test_8s/frames/frame_000106.png'
00:47.368  render           | Saved: '/Users/macbook/Automation-Workplace/cartoon-maker/output/kiko_acting_test_8s/frames/frame_000107.png'
00:47.752  render           | Saved: '/Users/macbook/Automation-Workplace/cartoon-maker/output/kiko_acting_test_8s/frames/frame_000108.png'
KIKO MASTER PLAN: rendered 108/192
00:48.134  render           | Saved: '/Users/macbook/Automation-Workplace/cartoon-maker/output/kiko_acting_test_8s/frames/frame_000109.png'
00:48.514  render           | Saved: '/Users/macbook/Automation-Workplace/cartoon-maker/output/kiko_acting_test_8s/frames/frame_000110.png'
00:48.902  render           | Saved: '/Users/macbook/Automation-Workplace/cartoon-maker/output/kiko_acting_test_8s/frames/frame_000111.png'
00:49.282  render           | Saved: '/Users/macbook/Automation-Workplace/cartoon-maker/output/kiko_acting_test_8s/frames/frame_000112.png'
00:49.666  render           | Saved: '/Users/macbook/Automation-Workplace/cartoon-maker/output/kiko_acting_test_8s/frames/frame_000113.png'
00:50.044  render           | Saved: '/Users/macbook/Automation-Workplace/cartoon-maker/output/kiko_acting_test_8s/frames/frame_000114.png'
00:50.423  render           | Saved: '/Users/macbook/Automation-Workplace/cartoon-maker/output/kiko_acting_test_8s/frames/frame_000115.png'
00:50.803  render           | Saved: '/Users/macbook/Automation-Workplace/cartoon-maker/output/kiko_acting_test_8s/frames/frame_000116.png'
00:51.196  render           | Saved: '/Users/macbook/Automation-Workplace/cartoon-maker/output/kiko_acting_test_8s/frames/frame_000117.png'
00:51.591  render           | Saved: '/Users/macbook/Automation-Workplace/cartoon-maker/output/kiko_acting_test_8s/frames/frame_000118.png'
00:51.975  render           | Saved: '/Users/macbook/Automation-Workplace/cartoon-maker/output/kiko_acting_test_8s/frames/frame_000119.png'
00:52.363  render           | Saved: '/Users/macbook/Automation-Workplace/cartoon-maker/output/kiko_acting_test_8s/frames/frame_000120.png'
KIKO MASTER PLAN: rendered 120/192
00:52.751  render           | Saved: '/Users/macbook/Automation-Workplace/cartoon-maker/output/kiko_acting_test_8s/frames/frame_000121.png'
00:53.137  render           | Saved: '/Users/macbook/Automation-Workplace/cartoon-maker/output/kiko_acting_test_8s/frames/frame_000122.png'
00:53.520  render           | Saved: '/Users/macbook/Automation-Workplace/cartoon-maker/output/kiko_acting_test_8s/frames/frame_000123.png'
00:53.905  render           | Saved: '/Users/macbook/Automation-Workplace/cartoon-maker/output/kiko_acting_test_8s/frames/frame_000124.png'
00:54.287  render           | Saved: '/Users/macbook/Automation-Workplace/cartoon-maker/output/kiko_acting_test_8s/frames/frame_000125.png'
00:54.668  render           | Saved: '/Users/macbook/Automation-Workplace/cartoon-maker/output/kiko_acting_test_8s/frames/frame_000126.png'
00:55.056  render           | Saved: '/Users/macbook/Automation-Workplace/cartoon-maker/output/kiko_acting_test_8s/frames/frame_000127.png'
00:55.437  render           | Saved: '/Users/macbook/Automation-Workplace/cartoon-maker/output/kiko_acting_test_8s/frames/frame_000128.png'
00:55.823  render           | Saved: '/Users/macbook/Automation-Workplace/cartoon-maker/output/kiko_acting_test_8s/frames/frame_000129.png'
00:56.205  render           | Saved: '/Users/macbook/Automation-Workplace/cartoon-maker/output/kiko_acting_test_8s/frames/frame_000130.png'
00:56.601  render           | Saved: '/Users/macbook/Automation-Workplace/cartoon-maker/output/kiko_acting_test_8s/frames/frame_000131.png'
00:57.017  render           | Saved: '/Users/macbook/Automation-Workplace/cartoon-maker/output/kiko_acting_test_8s/frames/frame_000132.png'
KIKO MASTER PLAN: rendered 132/192
00:57.403  render           | Saved: '/Users/macbook/Automation-Workplace/cartoon-maker/output/kiko_acting_test_8s/frames/frame_000133.png'
00:57.795  render           | Saved: '/Users/macbook/Automation-Workplace/cartoon-maker/output/kiko_acting_test_8s/frames/frame_000134.png'
00:58.193  render           | Saved: '/Users/macbook/Automation-Workplace/cartoon-maker/output/kiko_acting_test_8s/frames/frame_000135.png'
00:58.589  render           | Saved: '/Users/macbook/Automation-Workplace/cartoon-maker/output/kiko_acting_test_8s/frames/frame_000136.png'
00:58.993  render           | Saved: '/Users/macbook/Automation-Workplace/cartoon-maker/output/kiko_acting_test_8s/frames/frame_000137.png'
00:59.388  render           | Saved: '/Users/macbook/Automation-Workplace/cartoon-maker/output/kiko_acting_test_8s/frames/frame_000138.png'
00:59.787  render           | Saved: '/Users/macbook/Automation-Workplace/cartoon-maker/output/kiko_acting_test_8s/frames/frame_000139.png'
01:00.197  render           | Saved: '/Users/macbook/Automation-Workplace/cartoon-maker/output/kiko_acting_test_8s/frames/frame_000140.png'
01:00.580  render           | Saved: '/Users/macbook/Automation-Workplace/cartoon-maker/output/kiko_acting_test_8s/frames/frame_000141.png'
01:00.983  render           | Saved: '/Users/macbook/Automation-Workplace/cartoon-maker/output/kiko_acting_test_8s/frames/frame_000142.png'
01:01.382  render           | Saved: '/Users/macbook/Automation-Workplace/cartoon-maker/output/kiko_acting_test_8s/frames/frame_000143.png'
01:01.793  render           | Saved: '/Users/macbook/Automation-Workplace/cartoon-maker/output/kiko_acting_test_8s/frames/frame_000144.png'
KIKO MASTER PLAN: rendered 144/192
01:02.191  render           | Saved: '/Users/macbook/Automation-Workplace/cartoon-maker/output/kiko_acting_test_8s/frames/frame_000145.png'
01:02.574  render           | Saved: '/Users/macbook/Automation-Workplace/cartoon-maker/output/kiko_acting_test_8s/frames/frame_000146.png'
01:02.979  render           | Saved: '/Users/macbook/Automation-Workplace/cartoon-maker/output/kiko_acting_test_8s/frames/frame_000147.png'
01:03.392  render           | Saved: '/Users/macbook/Automation-Workplace/cartoon-maker/output/kiko_acting_test_8s/frames/frame_000148.png'
01:03.771  render           | Saved: '/Users/macbook/Automation-Workplace/cartoon-maker/output/kiko_acting_test_8s/frames/frame_000149.png'
01:04.243  render           | Saved: '/Users/macbook/Automation-Workplace/cartoon-maker/output/kiko_acting_test_8s/frames/frame_000150.png'
01:04.720  render           | Saved: '/Users/macbook/Automation-Workplace/cartoon-maker/output/kiko_acting_test_8s/frames/frame_000151.png'
01:05.164  render           | Saved: '/Users/macbook/Automation-Workplace/cartoon-maker/output/kiko_acting_test_8s/frames/frame_000152.png'
01:05.546  render           | Saved: '/Users/macbook/Automation-Workplace/cartoon-maker/output/kiko_acting_test_8s/frames/frame_000153.png'
01:05.936  render           | Saved: '/Users/macbook/Automation-Workplace/cartoon-maker/output/kiko_acting_test_8s/frames/frame_000154.png'
01:06.325  render           | Saved: '/Users/macbook/Automation-Workplace/cartoon-maker/output/kiko_acting_test_8s/frames/frame_000155.png'
01:06.711  render           | Saved: '/Users/macbook/Automation-Workplace/cartoon-maker/output/kiko_acting_test_8s/frames/frame_000156.png'
KIKO MASTER PLAN: rendered 156/192
01:07.104  render           | Saved: '/Users/macbook/Automation-Workplace/cartoon-maker/output/kiko_acting_test_8s/frames/frame_000157.png'
01:07.520  render           | Saved: '/Users/macbook/Automation-Workplace/cartoon-maker/output/kiko_acting_test_8s/frames/frame_000158.png'
01:07.904  render           | Saved: '/Users/macbook/Automation-Workplace/cartoon-maker/output/kiko_acting_test_8s/frames/frame_000159.png'
01:08.294  render           | Saved: '/Users/macbook/Automation-Workplace/cartoon-maker/output/kiko_acting_test_8s/frames/frame_000160.png'
01:08.683  render           | Saved: '/Users/macbook/Automation-Workplace/cartoon-maker/output/kiko_acting_test_8s/frames/frame_000161.png'
01:09.069  render           | Saved: '/Users/macbook/Automation-Workplace/cartoon-maker/output/kiko_acting_test_8s/frames/frame_000162.png'
01:09.457  render           | Saved: '/Users/macbook/Automation-Workplace/cartoon-maker/output/kiko_acting_test_8s/frames/frame_000163.png'
01:09.840  render           | Saved: '/Users/macbook/Automation-Workplace/cartoon-maker/output/kiko_acting_test_8s/frames/frame_000164.png'
01:10.238  render           | Saved: '/Users/macbook/Automation-Workplace/cartoon-maker/output/kiko_acting_test_8s/frames/frame_000165.png'
01:10.631  render           | Saved: '/Users/macbook/Automation-Workplace/cartoon-maker/output/kiko_acting_test_8s/frames/frame_000166.png'
01:11.019  render           | Saved: '/Users/macbook/Automation-Workplace/cartoon-maker/output/kiko_acting_test_8s/frames/frame_000167.png'
01:11.403  render           | Saved: '/Users/macbook/Automation-Workplace/cartoon-maker/output/kiko_acting_test_8s/frames/frame_000168.png'
KIKO MASTER PLAN: rendered 168/192
01:11.792  render           | Saved: '/Users/macbook/Automation-Workplace/cartoon-maker/output/kiko_acting_test_8s/frames/frame_000169.png'
01:12.176  render           | Saved: '/Users/macbook/Automation-Workplace/cartoon-maker/output/kiko_acting_test_8s/frames/frame_000170.png'
01:12.563  render           | Saved: '/Users/macbook/Automation-Workplace/cartoon-maker/output/kiko_acting_test_8s/frames/frame_000171.png'
01:12.940  render           | Saved: '/Users/macbook/Automation-Workplace/cartoon-maker/output/kiko_acting_test_8s/frames/frame_000172.png'
01:13.359  render           | Saved: '/Users/macbook/Automation-Workplace/cartoon-maker/output/kiko_acting_test_8s/frames/frame_000173.png'
01:13.751  render           | Saved: '/Users/macbook/Automation-Workplace/cartoon-maker/output/kiko_acting_test_8s/frames/frame_000174.png'
01:14.136  render           | Saved: '/Users/macbook/Automation-Workplace/cartoon-maker/output/kiko_acting_test_8s/frames/frame_000175.png'
01:14.525  render           | Saved: '/Users/macbook/Automation-Workplace/cartoon-maker/output/kiko_acting_test_8s/frames/frame_000176.png'
01:14.907  render           | Saved: '/Users/macbook/Automation-Workplace/cartoon-maker/output/kiko_acting_test_8s/frames/frame_000177.png'
01:15.294  render           | Saved: '/Users/macbook/Automation-Workplace/cartoon-maker/output/kiko_acting_test_8s/frames/frame_000178.png'
01:15.678  render           | Saved: '/Users/macbook/Automation-Workplace/cartoon-maker/output/kiko_acting_test_8s/frames/frame_000179.png'
01:16.069  render           | Saved: '/Users/macbook/Automation-Workplace/cartoon-maker/output/kiko_acting_test_8s/frames/frame_000180.png'
KIKO MASTER PLAN: rendered 180/192
01:16.476  render           | Saved: '/Users/macbook/Automation-Workplace/cartoon-maker/output/kiko_acting_test_8s/frames/frame_000181.png'
01:16.862  render           | Saved: '/Users/macbook/Automation-Workplace/cartoon-maker/output/kiko_acting_test_8s/frames/frame_000182.png'
01:17.245  render           | Saved: '/Users/macbook/Automation-Workplace/cartoon-maker/output/kiko_acting_test_8s/frames/frame_000183.png'
01:17.636  render           | Saved: '/Users/macbook/Automation-Workplace/cartoon-maker/output/kiko_acting_test_8s/frames/frame_000184.png'
01:18.028  render           | Saved: '/Users/macbook/Automation-Workplace/cartoon-maker/output/kiko_acting_test_8s/frames/frame_000185.png'
01:18.411  render           | Saved: '/Users/macbook/Automation-Workplace/cartoon-maker/output/kiko_acting_test_8s/frames/frame_000186.png'
01:18.793  render           | Saved: '/Users/macbook/Automation-Workplace/cartoon-maker/output/kiko_acting_test_8s/frames/frame_000187.png'
01:19.177  render           | Saved: '/Users/macbook/Automation-Workplace/cartoon-maker/output/kiko_acting_test_8s/frames/frame_000188.png'
01:19.583  render           | Saved: '/Users/macbook/Automation-Workplace/cartoon-maker/output/kiko_acting_test_8s/frames/frame_000189.png'
01:19.964  render           | Saved: '/Users/macbook/Automation-Workplace/cartoon-maker/output/kiko_acting_test_8s/frames/frame_000190.png'
01:20.362  render           | Saved: '/Users/macbook/Automation-Workplace/cartoon-maker/output/kiko_acting_test_8s/frames/frame_000191.png'
01:20.741  render           | Saved: '/Users/macbook/Automation-Workplace/cartoon-maker/output/kiko_acting_test_8s/frames/frame_000192.png'
KIKO MASTER PLAN: rendered 192/192
ffmpeg version 8.1.1 Copyright (c) 2000-2026 the FFmpeg developers
  built with Apple clang version 21.0.0 (clang-2100.0.123.102)
  configuration: --prefix=/opt/homebrew/Cellar/ffmpeg/8.1.1 --enable-shared --enable-pthreads --enable-version3 --cc=clang --host-cflags= --host-ldflags= --enable-ffplay --enable-gpl --enable-libsvtav1 --enable-libopus --enable-libx264 --enable-libmp3lame --enable-libdav1d --enable-libvmaf --enable-libvpx --enable-libx265 --enable-openssl --enable-videotoolbox --enable-audiotoolbox --enable-neon
  libavutil      60. 26.101 / 60. 26.101
  libavcodec     62. 28.101 / 62. 28.101
  libavformat    62. 12.101 / 62. 12.101
  libavdevice    62.  3.101 / 62.  3.101
  libavfilter    11. 14.101 / 11. 14.101
  libswscale      9.  5.101 /  9.  5.101
  libswresample   6.  3.101 /  6.  3.101
Input #0, image2, from '/Users/macbook/Automation-Workplace/cartoon-maker/output/kiko_acting_test_8s/frames/frame_%06d.png':
  Duration: 00:00:08.00, start: 0.000000, bitrate: N/A
  Stream #0:0: Video: png, rgb24(pc, gbr/bt709/iec61966-2-1), 854x480 [SAR 2834:2834 DAR 427:240], 24 fps, 24 tbr, 24 tbn
Stream mapping:
  Stream #0:0 -> #0:0 (png (native) -> h264 (libx264))
Press [q] to stop, [?] for help
[libx264 @ 0xcbac30a80] using SAR=1/1
[libx264 @ 0xcbac30a80] using cpu capabilities: ARMv8 NEON DotProd I8MM
[libx264 @ 0xcbac30a80] profile High, level 3.0, 4:2:0, 8-bit
[libx264 @ 0xcbac30a80] 264 - core 165 r3222 b35605a - H.264/MPEG-4 AVC codec - Copyleft 2003-2025 - http://www.videolan.org/x264.html - options: cabac=1 ref=3 deblock=1:0:0 analyse=0x3:0x113 me=hex subme=7 psy=1 psy_rd=1.00:0.00 mixed_ref=1 me_range=16 chroma_me=1 trellis=1 8x8dct=1 cqm=0 deadzone=21,11 fast_pskip=1 chroma_qp_offset=-2 threads=15 lookahead_threads=2 sliced_threads=0 nr=0 decimate=1 interlaced=0 bluray_compat=0 constrained_intra=0 bframes=3 b_pyramid=2 b_adapt=1 b_bias=0 direct=1 weightb=1 open_gop=0 weightp=2 keyint=250 keyint_min=24 scenecut=40 intra_refresh=0 rc_lookahead=40 rc=crf mbtree=1 crf=18.0 qcomp=0.60 qpmin=0 qpmax=69 qpstep=4 ip_ratio=1.40 aq=1:1.00
Output #0, mp4, to '/Users/macbook/Automation-Workplace/cartoon-maker/output/kiko_acting_test_8s/preview.mp4':
  Metadata:
    encoder         : Lavf62.12.101
  Stream #0:0: Video: h264 (avc1 / 0x31637661), yuv420p(tv, unknown/bt709/iec61966-2-1, progressive), 854x480 [SAR 1:1 DAR 427:240], q=2-31, 24 fps, 12288 tbn
    Metadata:
      encoder         : Lavc62.28.101 libx264
    Side data:
      EXIF metadata: (54 bytes)
      CPB properties: bitrate max/min/avg: 0/0/0 buffer size: 0 vbv_delay: N/A
[mp4 @ 0xcbac24280] Starting second pass: moving the moov atom to the beginning of the file
[out#0/mp4 @ 0xcbac0c780] video:251KiB audio:0KiB subtitle:0KiB other streams:0KiB global headers:0KiB muxing overhead: 1.222201%
frame=  192 fps=0.0 q=-1.0 Lsize=     254KiB time=00:00:07.91 bitrate= 262.5kbits/s speed=20.8x elapsed=0:00:00.38    
[libx264 @ 0xcbac30a80] frame I:1     Avg QP: 9.07  size: 31674
[libx264 @ 0xcbac30a80] frame P:54    Avg QP:13.39  size:  2920
[libx264 @ 0xcbac30a80] frame B:137   Avg QP:21.36  size:   486
[libx264 @ 0xcbac30a80] consecutive B-frames:  2.1%  5.2%  9.4% 83.3%
[libx264 @ 0xcbac30a80] mb I  I16..4: 10.4% 61.7% 27.9%
[libx264 @ 0xcbac30a80] mb P  I16..4:  0.5%  0.8%  0.6%  P16..4:  7.4%  4.2%  3.3%  0.0%  0.0%    skip:83.3%
[libx264 @ 0xcbac30a80] mb B  I16..4:  0.1%  0.1%  0.1%  B16..8:  7.4%  1.2%  0.3%  direct: 0.4%  skip:90.6%  L0:40.0% L1:48.5% BI:11.5%
[libx264 @ 0xcbac30a80] 8x8 transform intra:48.7% inter:60.1%
[libx264 @ 0xcbac30a80] coded y,uvDC,uvAC intra: 59.0% 32.0% 23.5% inter: 2.5% 1.4% 0.6%
[libx264 @ 0xcbac30a80] i16 v,h,dc,p: 43% 43%  5%  9%
[libx264 @ 0xcbac30a80] i8 v,h,dc,ddl,ddr,vr,hd,vl,hu:  7% 50% 26%  2%  2%  2%  2%  2%  7%
[libx264 @ 0xcbac30a80] i4 v,h,dc,ddl,ddr,vr,hd,vl,hu: 13% 35% 21%  6%  4%  4%  5%  5%  7%
[libx264 @ 0xcbac30a80] i8c dc,h,v,p: 72% 13% 12%  3%
[libx264 @ 0xcbac30a80] Weighted P-Frames: Y:0.0% UV:0.0%
[libx264 @ 0xcbac30a80] ref P L0: 68.4% 12.2% 11.2%  8.2%
[libx264 @ 0xcbac30a80] ref B L0: 88.7%  9.3%  2.0%
[libx264 @ 0xcbac30a80] ref B L1: 95.5%  4.5%
[libx264 @ 0xcbac30a80] kb/s:255.98
Blender 5.2.2 LTS (hash d13f752e3b9c built 2026-09-15 01:49:19)

Blender quit
